<!DOCTYPE html>
<html>
<head>
        <title>Expected (expected.Expected)</title>
	<meta charset="utf-8" />
	<meta content="width=device-width, initial-scale=1" name="viewport" />
        <link rel="stylesheet" href="style.css" />
        <script type="text/javascript" src="script.js"></script>

	
	<link rel="prefetch" href="search-results.html" />
</head>
<body>
	<div id="page-header">
		<div id="logotype">
		<span>Documentation</span>
		<nav>
			<a href="http://dlang.org/">Dlang.org</a>
		</nav>
		</div>

		<form action="search-docs.html" id="search">
			<input type="search" placeholder="Find a symbol name..." name="searchTerm" />
			<input type="submit" value="Go" />
		</form>
	</div>
	<div id="page-body">
		<div id="page-content">
		<h1>Expected</h1><div class="breadcrumbs"><a href="expected.html" class="breadcrumb">expected</a></div><div><div class="documentation-comment synopsis"><div><p><tt class="inline-code">Expected!(T, E)</tt> is a type that represents either success or failure.</p><p>Type <tt class="inline-code">T</tt> is used for success value.
	If <tt class="inline-code">T</tt> is <tt class="inline-code">void</tt>, then <a href="expected.Expected.html" class="xref">Expected</a> can only hold error value and is considered a success when there is no error value.</p><p>Type <tt class="inline-code">E</tt> is used for error value.
	The default type for the error value is <tt class="inline-code">string</tt>.</p><p>Default behavior of <a href="expected.Expected.html" class="xref">Expected</a> can be modified by the <tt class="inline-code">Hook</tt> template parameter.</p></div></div></div><div class="annotated-prototype"><div class="aggregate-prototype"><div class="attributes">@<span data-ident="safe" class="name">safe</span> </div><span class="builtin-type">struct</span> Expected (<div class="parameters-list toplevel"><div class="template-parameter-item parameter-item">	<span><span data-ident="T" class="name">T</span></span></div><div class="template-parameter-item parameter-item">	<span><span data-ident="E" class="name">E</span> = <span class="builtin-type">string</span></span></div><div class="template-parameter-item parameter-item">	<span><span data-ident="Hook" class="name">Hook</span> = <a href="expected.Abort.html" title="expected.Abort" class="xref"><span data-ident="Abort" class="name">Abort</span></a></span></div></div>) <a href="http://dpldocs.info/template-constraints" class="lang-feature">if</a> (<div class="template-constraint-expression">!<a href="http://dpldocs.info/is-expression" class="lang-feature">is</a>(<span data-ident="E" class="name">E</span> == <span class="builtin-type">void</span>)</div>) {<div class="aggregate-member"><a href="expected.Expected.this.1.html"><span class="lang-feature name">this</span><tt class="highlighted">(<span class="kwrd">auto</span> <span class="kwrd">ref</span> <span class="hid">T</span> <span class="hid">val</span>)</tt>;</a></div><div class="aggregate-member"><a href="expected.Expected.this.2.html"><span class="lang-feature name">this</span><tt class="highlighted">(<span class="kwrd">auto</span> <span class="kwrd">ref</span> <span class="kwrd">const</span>(<span class="hid">T</span>) <span class="hid">val</span>)</tt>;</a></div><div class="aggregate-member"><a href="expected.Expected.this.3.html"><span class="lang-feature name">this</span><tt class="highlighted">(<span class="kwrd">auto</span> <span class="kwrd">ref</span> <span class="kwrd">immutable</span>(<span class="hid">T</span>) <span class="hid">val</span>)</tt>;</a></div><div class="aggregate-member"><a href="expected.Expected.this.4.html"><span class="lang-feature name">this</span><tt class="highlighted">(<span class="kwrd">auto</span> <span class="kwrd">ref</span> <span class="hid">E</span> <span class="hid">val</span>, <span class="type">bool</span> <span class="hid">success</span>)</tt>;</a></div><div class="aggregate-member"><a href="expected.Expected.this.5.html"><span class="lang-feature name">this</span><tt class="highlighted">(<span class="kwrd">auto</span> <span class="kwrd">ref</span> <span class="kwrd">const</span>(<span class="hid">E</span>) <span class="hid">val</span>, <span class="type">bool</span> <span class="hid">success</span>)</tt>;</a></div><div class="aggregate-member"><a href="expected.Expected.this.6.html"><span class="lang-feature name">this</span><tt class="highlighted">(<span class="kwrd">auto</span> <span class="kwrd">ref</span> <span class="kwrd">immutable</span>(<span class="hid">E</span>) <span class="hid">val</span>, <span class="type">bool</span> <span class="hid">success</span>)</tt>;</a></div><div class="aggregate-member"><a href="expected.Expected.opAssign.html"><tt class="highlighted"><span class="type">void</span></tt> <span class="name">opAssign</span><tt class="highlighted">(<span class="kwrd">auto</span> <span class="kwrd">ref</span> <span class="hid">CT</span> <span class="hid">rhs</span>)</tt>;</a></div><div class="aggregate-member"><a href="expected.Expected.opCast.html"><tt class="highlighted"><span class="type">bool</span></tt> <span class="name">opCast</span><tt class="highlighted">()</tt>;</a></div><div class="aggregate-member"><a href="expected.Expected.opEquals.1.html"><tt class="highlighted"><span class="type">bool</span></tt> <span class="name">opEquals</span><tt class="highlighted">(<span class="kwrd">const</span> <span class="kwrd">auto</span> <span class="kwrd">ref</span> <span class="hid">T</span> <span class="hid">rhs</span>)</tt>;</a></div><div class="aggregate-member"><a href="expected.Expected.opEquals.2.html"><tt class="highlighted"><span class="type">bool</span></tt> <span class="name">opEquals</span><tt class="highlighted">(<span class="kwrd">const</span> <span class="kwrd">auto</span> <span class="kwrd">ref</span> <span class="hid">Expected</span>!(<span class="hid">T</span>, <span class="hid">E</span>, <span class="hid">Hook</span>) <span class="hid">rhs</span>)</tt>;</a></div><div class="aggregate-member"><a href="expected.Expected.toHash.html"><tt class="highlighted"><span class="hid">size_t</span></tt> <span class="name">toHash</span><tt class="highlighted">()</tt>;</a></div><div class="aggregate-member"><a href="expected.Expected.hasValue.html"><tt class="highlighted"><span class="type">bool</span></tt> <span class="name">hasValue</span> [@property getter];</a></div><div class="aggregate-member"><a href="expected.Expected.value.html"><tt class="highlighted"><span class="kwrd">inout</span>(<span class="hid">T</span>)</tt> <span class="name">value</span> [@property getter];</a></div><div class="aggregate-member"><a href="expected.Expected.hasError.html"><tt class="highlighted"><span class="type">bool</span></tt> <span class="name">hasError</span> [@property getter];</a></div><div class="aggregate-member"><a href="expected.Expected.error.html"><tt class="highlighted"><span class="kwrd">inout</span>(<span class="hid">E</span>)</tt> <span class="name">error</span> [@property getter];</a></div><div class="aggregate-member"><a href="expected.Expected.empty.html"><tt class="highlighted"><span class="type">bool</span></tt> <span class="name">empty</span> [@property getter];</a></div><div class="aggregate-member"><a href="expected.Expected.front.html"><tt class="highlighted"><span class="kwrd">inout</span>(<span class="hid">T</span>)</tt> <span class="name">front</span> [@property getter];</a></div><div class="aggregate-member"><a href="expected.Expected.popFront.html"><tt class="highlighted"><span class="type">void</span></tt> <span class="name">popFront</span><tt class="highlighted">()</tt>;</a></div>}</div></div><h2 id="disabled-default-constructor"><a href="#disabled-default-constructor" class="header-anchor">Disabled Default Constructor</a></h2><div><p>A disabled default is present on this object. To use it, use one of the other constructors or a factory function.</p></div><h2 id="constructors"><a href="#constructors" class="header-anchor">Constructors</a></h2><dl class="member-list constructors"><dt><a href="expected.Expected.this.1.html">this</a><div style="max-width: 22ch;" class="simplified-prototype"><span class="lang-feature name">this</span><tt class="highlighted">(<span class="kwrd">auto</span> <span class="kwrd">ref</span> <span class="hid">T</span> <span class="hid">val</span>)</tt></div></dt><dt><div style="max-width: 29ch;" class="simplified-prototype"><span class="lang-feature name">this</span><tt class="highlighted">(<span class="kwrd">auto</span> <span class="kwrd">ref</span> <span class="kwrd">const</span>(<span class="hid">T</span>) <span class="hid">val</span>)</tt></div></dt><dt><div style="max-width: 34ch;" class="simplified-prototype"><span class="lang-feature name">this</span><tt class="highlighted">(<span class="kwrd">auto</span> <span class="kwrd">ref</span> <span class="kwrd">immutable</span>(<span class="hid">T</span>) <span class="hid">val</span>)</tt></div></dt><dd><div><p>Constructs an <a href="expected.Expected.html" class="xref">Expected</a> with value or error based on the tye of the provided.</p></div></dd><dt><a href="expected.Expected.this.4.html">this</a><div style="max-width: 37ch;" class="simplified-prototype"><span class="lang-feature name">this</span><tt class="highlighted">(<span class="kwrd">auto</span> <span class="kwrd">ref</span> <span class="hid">E</span> <span class="hid">val</span>, <span class="type">bool</span> <span class="hid">success</span>)</tt></div></dt><dt><div style="max-width: 45ch;" class="simplified-prototype"><span class="lang-feature name">this</span><tt class="highlighted">(<span class="kwrd">auto</span> <span class="kwrd">ref</span> <span class="kwrd">const</span>(<span class="hid">E</span>) <span class="hid">val</span>, <span class="type">bool</span> <span class="hid">success</span>)</tt></div></dt><dt><div style="max-width: 49ch;" class="simplified-prototype"><span class="lang-feature name">this</span><tt class="highlighted">(<span class="kwrd">auto</span> <span class="kwrd">ref</span> <span class="kwrd">immutable</span>(<span class="hid">E</span>) <span class="hid">val</span>, <span class="type">bool</span> <span class="hid">success</span>)</tt></div></dt><dd><div><p>Constructs an <a href="expected.Expected.html" class="xref">Expected</a> with value or error based on the provided flag.
			This constructor is available only for cases when value and error has the same type,
			so we can still construct <a href="expected.Expected.html" class="xref">Expected</a> with value or error.</p></div></dd></dl><h2 id="members"><a href="#members" class="header-anchor">Members</a></h2><h3 id="function" class="member-list-header hide-from-toc"><a href="#function" class="header-anchor">Functions</a></h3><dl class="member-list native"><dt><a href="expected.Expected.opAssign.html">opAssign</a><div style="max-width: 33ch;" class="simplified-prototype"><tt class="highlighted"><span class="type">void</span></tt> <span class="name">opAssign</span><tt class="highlighted">(<span class="kwrd">auto</span> <span class="kwrd">ref</span> <span class="hid">CT</span> <span class="hid">rhs</span>)</tt></div></dt><dd><div><p>Assigns a value or error to an <a href="expected.Expected.html" class="xref">Expected</a>.</p></div></dd><dt><a href="expected.Expected.opCast.html">opCast</a><div style="max-width: 14ch;" class="simplified-prototype"><tt class="highlighted"><span class="type">bool</span></tt> <span class="name">opCast</span><tt class="highlighted">()</tt></div></dt><dd><div><p>Implicit conversion to bool.</p></div></dd><dt><a href="expected.Expected.opEquals.1.html">opEquals</a><div style="max-width: 38ch;" class="simplified-prototype"><tt class="highlighted"><span class="type">bool</span></tt> <span class="name">opEquals</span><tt class="highlighted">(<span class="kwrd">const</span> <span class="kwrd">auto</span> <span class="kwrd">ref</span> <span class="hid">T</span> <span class="hid">rhs</span>)</tt></div></dt><dd><div><p>Checks whether this <a href="expected.Expected.html" class="xref">Expected</a> object contains a specific expected value.</p></div></dd><dt><a href="expected.Expected.opEquals.2.html">opEquals</a><div style="max-width: 60ch;" class="simplified-prototype"><tt class="highlighted"><span class="type">bool</span></tt> <span class="name">opEquals</span><tt class="highlighted">(<span class="kwrd">const</span> <span class="kwrd">auto</span> <span class="kwrd">ref</span> <span class="hid">Expected</span>!(<span class="hid">T</span>, <span class="hid">E</span>, <span class="hid">Hook</span>) <span class="hid">rhs</span>)</tt></div></dt><dd><div><p>Checks whether this <a href="expected.Expected.html" class="xref">Expected</a> object and <tt class="inline-code">rhs</tt> contain the same expected value or error value.</p></div></dd><dt><a href="expected.Expected.popFront.html">popFront</a><div style="max-width: 16ch;" class="simplified-prototype"><tt class="highlighted"><span class="type">void</span></tt> <span class="name">popFront</span><tt class="highlighted">()</tt></div></dt><dd><div><p>Range interface defined by <tt class="inline-code">empty</tt>, <tt class="inline-code">front</tt>, <tt class="inline-code">popFront</tt>.
			Yields one value if <a href="expected.Expected.html" class="xref">Expected</a> has value.</p></div></dd><dt><a href="expected.Expected.toHash.html">toHash</a><div style="max-width: 16ch;" class="simplified-prototype"><tt class="highlighted"><span class="hid">size_t</span></tt> <span class="name">toHash</span><tt class="highlighted">()</tt></div></dt><dd><div><p>Calculates the hash value of the <a href="expected.Expected.html" class="xref">Expected</a> in a way that iff it has a value,
		it returns hash of the value.
		Hash is computed using internal state and storage of the <a href="expected.Expected.html" class="xref">Expected</a> otherwise.</p></div></dd></dl><h3 id="property" class="member-list-header hide-from-toc"><a href="#property" class="header-anchor">Properties</a></h3><dl class="member-list native"><dt><a href="expected.Expected.empty.html">empty</a><div style="max-width: 31ch;" class="simplified-prototype"><tt class="highlighted"><span class="type">bool</span></tt> <span class="name">empty</span> [@property getter]</div></dt><dd><div><p>Range interface defined by <tt class="inline-code">empty</tt>, <tt class="inline-code">front</tt>, <tt class="inline-code">popFront</tt>.
			Yields one value if <a href="expected.Expected.html" class="xref">Expected</a> has value.</p></div></dd><dt><a href="expected.Expected.error.html">error</a><div style="max-width: 36ch;" class="simplified-prototype"><tt class="highlighted"><span class="kwrd">inout</span>(<span class="hid">E</span>)</tt> <span class="name">error</span> [@property getter]</div></dt><dd><div><p>Returns the error value. May only be called when <tt class="inline-code">hasValue</tt> returns <tt class="inline-code">false</tt>.</p></div></dd><dt><a href="expected.Expected.front.html">front</a><div style="max-width: 36ch;" class="simplified-prototype"><tt class="highlighted"><span class="kwrd">inout</span>(<span class="hid">T</span>)</tt> <span class="name">front</span> [@property getter]</div></dt><dd><div><p>Range interface defined by <tt class="inline-code">empty</tt>, <tt class="inline-code">front</tt>, <tt class="inline-code">popFront</tt>.
			Yields one value if <a href="expected.Expected.html" class="xref">Expected</a> has value.</p></div></dd><dt><a href="expected.Expected.hasError.html">hasError</a><div style="max-width: 35ch;" class="simplified-prototype"><tt class="highlighted"><span class="type">bool</span></tt> <span class="name">hasError</span> [@property getter]</div></dt><dd><div><p>Checks if <a href="expected.Expected.html" class="xref">Expected</a> has error</p></div></dd><dt><a href="expected.Expected.hasValue.html">hasValue</a><div style="max-width: 35ch;" class="simplified-prototype"><tt class="highlighted"><span class="type">bool</span></tt> <span class="name">hasValue</span> [@property getter]</div></dt><dd><div><p>Checks if <a href="expected.Expected.html" class="xref">Expected</a> has value</p></div></dd><dt><a href="expected.Expected.value.html">value</a><div style="max-width: 36ch;" class="simplified-prototype"><tt class="highlighted"><span class="kwrd">inout</span>(<span class="hid">T</span>)</tt> <span class="name">value</span> [@property getter]</div></dt><dd><div><p>Returns the expected value if there is one.</p></div></dd></dl><div><h2 id="meta"><a href="#meta" class="header-anchor">Meta</a></h2><div class="documentation-comment source-section other-section"><h3 id="source"><a href="#source" class="header-anchor">Source</a></h3><div><p><a href="source/expected.d.html#L97">See Implementation</a><br /></p></div></div></div></div>
		<div id="page-nav"><a href="expected.html" class="parent">expected</a>
		<span class="type-separator">classes</span><ul><li><a href="expected.Unexpected.html" class="class">Unexpected</a></li></ul><span class="type-separator">functions</span><ul><li><a href="expected.andThen.1.html" class="function">andThen</a></li><li><a href="expected.expected.1.html" class="function">expected</a></li><li><a href="expected.orElse.1.html" class="function">orElse</a></li><li><a href="expected.unexpected.html" class="function">unexpected</a></li></ul><span class="type-separator">structs</span><ul><li><a href="expected.Abort.html" class="struct">Abort</a></li><li><a href="expected.Expected.html" class="struct current">Expected</a></li><li><a href="expected.Throw.html" class="struct">Throw</a></li></ul><span class="type-separator">templates</span><ul><li><a href="expected.hasOnAccessEmptyError.html" class="template">hasOnAccessEmptyError</a></li><li><a href="expected.hasOnAccessEmptyValue.html" class="template">hasOnAccessEmptyValue</a></li><li><a href="expected.isDefaultConstructorEnabled.html" class="template">isDefaultConstructorEnabled</a></li><li><a href="expected.map.html" class="template">map</a></li><li><a href="expected.mapError.html" class="template">mapError</a></li><li><a href="expected.mapOrElse.html" class="template">mapOrElse</a></li></ul></div>
	</div>
	<div id="page-footer">Page generated by <a href="https://github.com/adamdruppe/adrdox">adrdox</a></div>
</body>
</html>